<html>
<body>
<pre>
<h1>µVision Build Log</h1>
<h2>Tool Versions:</h2>
IDE-Version: ¦ÌVision V5.23.0.0
Copyright (C) 2017 ARM Ltd and ARM Germany GmbH. All rights reserved.
License Information: RSN Administrator, Noname, LIC=AK130-BNZ86-D2AL7-ERHUA-72GW0-2HLNN
 
Tool Versions:
Toolchain:       MDK-ARM Professional  Version: 5.23
Toolchain Path:  d:\Keil_v5\ARM\ARMCC\Bin
C Compiler:      Armcc.exe V5.06 update 4 (build 422)
Assembler:       Armasm.exe V5.06 update 4 (build 422)
Linker/Locator:  ArmLink.exe V5.06 update 4 (build 422)
Library Manager: ArmAr.exe V5.06 update 4 (build 422)
Hex Converter:   FromElf.exe V5.06 update 4 (build 422)
CPU DLL:         SARMCM3.DLL V5.23
Dialog DLL:      DCM.DLL V1.15.0.0
Target DLL:      STLink\ST-LINKIII-KEIL_SWO.dll V2.0.18.0
Dialog DLL:      TCM.DLL V1.27.0.0
 
<h2>Project:</h2>
G:\ShananDesign\IRadio2_PJ_SW\UDP_EchoServerTest\MDK-ARM\UDP_EchoServerTest.uvprojx
Project File Date:  10/19/2017

<h2>Output:</h2>
*** Using Compiler 'V5.06 update 4 (build 422)', folder: 'd:\Keil_v5\ARM\ARMCC\Bin'
Rebuild target 'UDP_EchoServerTest'
assembling startup_stm32f407xx.s...
compiling system_stm32f4xx.c...
compiling multilink.c...
compiling mppe.c...
compiling demand.c...
compiling ip6_addr.c...
compiling dhcp.c...
compiling ip6_frag.c...
compiling memp.c...
compiling ip4.c...
compiling vj.c...
compiling igmp.c...
compiling md5.c...
compiling ipcp.c...
compiling mld6.c...
compiling fsm.c...
compiling etharp.c...
compiling ethip6.c...
compiling pppos.c...
compiling md4.c...
compiling des.c...
compiling lowpan6.c...
compiling sha1.c...
compiling eui64.c...
compiling sys.c...
compiling inet_chksum.c...
compiling stats.c...
compiling def.c...
compiling dns.c...
compiling api_msg.c...
compiling ip.c...
compiling raw.c...
compiling dhcp6.c...
compiling tcp_out.c...
compiling tcpip.c...
compiling chap-md5.c...
compiling netif.c...
compiling api_lib.c...
compiling autoip.c...
compiling udp.c...
compiling sockets.c...
compiling chap_ms.c...
compiling mem.c...
compiling ip4_addr.c...
compiling tcp.c...
compiling tcp_in.c...
compiling pppol2tp.c...
compiling nd6.c...
compiling ethernet.c...
compiling ecp.c...
compiling netifapi.c...
compiling err.c...
compiling eap.c...
compiling chap-new.c...
compiling lcp.c...
compiling pppcrypt.c...
compiling icmp.c...
compiling slipif.c...
compiling netdb.c...
compiling pppoe.c...
compiling init.c...
compiling netbuf.c...
compiling upap.c...
compiling timeouts.c...
compiling utils.c...
compiling ccp.c...
compiling arc4.c...
compiling ppp.c...
compiling magic.c...
compiling pppapi.c...
compiling icmp6.c...
compiling ip4_frag.c...
compiling auth.c...
compiling ipv6cp.c...
compiling ip6.c...
compiling pbuf.c...
compiling stm32f4xx_hal_msp.c...
compiling main.c...
compiling inet6.c...
compiling stm32f4xx_it.c...
compiling lwip.c...
compiling ethernetif.c...
compiling stm32f4xx_hal_tim_ex.c...
compiling udp_echoserver.c...
compiling stm32f4xx_hal_rtc_ex.c...
compiling stm32f4xx_hal_flash_ramfunc.c...
compiling stm32f4xx_hal_gpio.c...
compiling stm32f4xx_hal_flash_ex.c...
compiling stm32f4xx_hal_cortex.c...
compiling stm32f4xx_ll_fsmc.c...
compiling stm32f4xx_hal_rtc.c...
compiling stm32f4xx_hal_rcc_ex.c...
compiling stm32f4xx_hal_rcc.c...
compiling stm32f4xx_hal_eth.c...
compiling stm32f4xx_hal_tim.c...
compiling stm32f4xx_hal_pwr.c...
compiling stm32f4xx_hal_dma.c...
compiling stm32f4xx_hal_pwr_ex.c...
compiling stm32f4xx_hal_sram.c...
compiling stm32f4xx_hal.c...
compiling stm32f4xx_hal_flash.c...
compiling stm32f4xx_hal_dma_ex.c...
linking...
Program Size: Code=23338 RO-data=830 RW-data=204 ZI-data=27556  
"UDP_EchoServerTest\UDP_EchoServerTest.axf" - 0 Error(s), 0 Warning(s).

<h2>Software Packages used:</h2>

Package Vendor: ARM
                http://www.keil.com/pack/ARM.CMSIS.5.0.1.pack
                ARM::CMSIS:CORE:5.0.1
                CMSIS (Cortex Microcontroller Software Interface Standard)
   * Component: CORE Version: 5.0.1

<h2>Collection of Component include folders:</h2>
  .\RTE\_UDP_EchoServerTest
  d:\Keil_v5\ARM\PACK\ARM\CMSIS\5.0.1\CMSIS\Include
  d:\Keil_v5\ARM\PACK\Keil\STM32F4xx_DFP\2.9.0\Drivers\CMSIS\Device\ST\STM32F4xx\Include

<h2>Collection of Component Files used:</h2>

   * Component: ARM::CMSIS:CORE:5.0.1
Build Time Elapsed:  00:02:16
</pre>
</body>
</html>
